
> frontend@0.1.0 build
> next build

▲ Next.js 16.1.6 (Turbopack)

  Creating an optimized production build ...
✓ Compiled successfully in 6.0s
  Running TypeScript ...
  Collecting page data using 3 workers ...
  Generating static pages using 3 workers (0/15) ...
  Generating static pages using 3 workers (3/15)
  Generating static pages using 3 workers (7/15)
  Generating static pages using 3 workers (11/15)
✓ Generating static pages using 3 workers (15/15) in 612.1ms
  Finalizing page optimization ...

Route (app)
┌ ○ /
├ ○ /_not-found
├ ○ /coach
├ ƒ /coach/players/[id]
├ ○ /dashboard
├ ○ /dashboard/merci
├ ○ /dashboard/training
├ ○ /login
├ ○ /onboarding
├ ○ /onboarding/commitment
├ ○ /onboarding/payment
├ ○ /onboarding/profile
├ ○ /onboarding/schedule
└ ○ /register


○  (Static)   prerendered as static content
ƒ  (Dynamic)  server-rendered on demand
